Archive member included to satisfy reference by file (symbol)

C:/ST/STM32CubeIDE_1.16.0/STM32CubeIDE/plugins/com.st.stm32cube.ide.mcu.externaltools.gnu-tools-for-stm32.12.3.rel1.win32_1.0.200.202406191623/tools/bin/../lib/gcc/arm-none-eabi/12.3.1/../../../../arm-none-eabi/lib/thumb/v7e-m+fp/hard\libc_nano.a(libc_a-exit.o)
                              C:/ST/STM32CubeIDE_1.16.0/STM32CubeIDE/plugins/com.st.stm32cube.ide.mcu.externaltools.gnu-tools-for-stm32.12.3.rel1.win32_1.0.200.202406191623/tools/bin/../lib/gcc/arm-none-eabi/12.3.1/../../../../arm-none-eabi/lib/thumb/v7e-m+fp/hard/crt0.o (exit)
C:/ST/STM32CubeIDE_1.16.0/STM32CubeIDE/plugins/com.st.stm32cube.ide.mcu.externaltools.gnu-tools-for-stm32.12.3.rel1.win32_1.0.200.202406191623/tools/bin/../lib/gcc/arm-none-eabi/12.3.1/../../../../arm-none-eabi/lib/thumb/v7e-m+fp/hard\libc_nano.a(libc_a-findfp.o)
                              C:/ST/STM32CubeIDE_1.16.0/STM32CubeIDE/plugins/com.st.stm32cube.ide.mcu.externaltools.gnu-tools-for-stm32.12.3.rel1.win32_1.0.200.202406191623/tools/bin/../lib/gcc/arm-none-eabi/12.3.1/../../../../arm-none-eabi/lib/thumb/v7e-m+fp/hard\libc_nano.a(libc_a-exit.o) (__stdio_exit_handler)
C:/ST/STM32CubeIDE_1.16.0/STM32CubeIDE/plugins/com.st.stm32cube.ide.mcu.externaltools.gnu-tools-for-stm32.12.3.rel1.win32_1.0.200.202406191623/tools/bin/../lib/gcc/arm-none-eabi/12.3.1/../../../../arm-none-eabi/lib/thumb/v7e-m+fp/hard\libc_nano.a(libc_a-fwalk.o)
                              C:/ST/STM32CubeIDE_1.16.0/STM32CubeIDE/plugins/com.st.stm32cube.ide.mcu.externaltools.gnu-tools-for-stm32.12.3.rel1.win32_1.0.200.202406191623/tools/bin/../lib/gcc/arm-none-eabi/12.3.1/../../../../arm-none-eabi/lib/thumb/v7e-m+fp/hard\libc_nano.a(libc_a-findfp.o) (_fwalk_sglue)
C:/ST/STM32CubeIDE_1.16.0/STM32CubeIDE/plugins/com.st.stm32cube.ide.mcu.externaltools.gnu-tools-for-stm32.12.3.rel1.win32_1.0.200.202406191623/tools/bin/../lib/gcc/arm-none-eabi/12.3.1/../../../../arm-none-eabi/lib/thumb/v7e-m+fp/hard\libc_nano.a(libc_a-stdio.o)
                              C:/ST/STM32CubeIDE_1.16.0/STM32CubeIDE/plugins/com.st.stm32cube.ide.mcu.externaltools.gnu-tools-for-stm32.12.3.rel1.win32_1.0.200.202406191623/tools/bin/../lib/gcc/arm-none-eabi/12.3.1/../../../../arm-none-eabi/lib/thumb/v7e-m+fp/hard\libc_nano.a(libc_a-findfp.o) (__sread)
C:/ST/STM32CubeIDE_1.16.0/STM32CubeIDE/plugins/com.st.stm32cube.ide.mcu.externaltools.gnu-tools-for-stm32.12.3.rel1.win32_1.0.200.202406191623/tools/bin/../lib/gcc/arm-none-eabi/12.3.1/../../../../arm-none-eabi/lib/thumb/v7e-m+fp/hard\libc_nano.a(libc_a-memset.o)
                              C:/ST/STM32CubeIDE_1.16.0/STM32CubeIDE/plugins/com.st.stm32cube.ide.mcu.externaltools.gnu-tools-for-stm32.12.3.rel1.win32_1.0.200.202406191623/tools/bin/../lib/gcc/arm-none-eabi/12.3.1/../../../../arm-none-eabi/lib/thumb/v7e-m+fp/hard/crt0.o (memset)
C:/ST/STM32CubeIDE_1.16.0/STM32CubeIDE/plugins/com.st.stm32cube.ide.mcu.externaltools.gnu-tools-for-stm32.12.3.rel1.win32_1.0.200.202406191623/tools/bin/../lib/gcc/arm-none-eabi/12.3.1/../../../../arm-none-eabi/lib/thumb/v7e-m+fp/hard\libc_nano.a(libc_a-closer.o)
                              C:/ST/STM32CubeIDE_1.16.0/STM32CubeIDE/plugins/com.st.stm32cube.ide.mcu.externaltools.gnu-tools-for-stm32.12.3.rel1.win32_1.0.200.202406191623/tools/bin/../lib/gcc/arm-none-eabi/12.3.1/../../../../arm-none-eabi/lib/thumb/v7e-m+fp/hard\libc_nano.a(libc_a-stdio.o) (_close_r)
C:/ST/STM32CubeIDE_1.16.0/STM32CubeIDE/plugins/com.st.stm32cube.ide.mcu.externaltools.gnu-tools-for-stm32.12.3.rel1.win32_1.0.200.202406191623/tools/bin/../lib/gcc/arm-none-eabi/12.3.1/../../../../arm-none-eabi/lib/thumb/v7e-m+fp/hard\libc_nano.a(libc_a-reent.o)
                              C:/ST/STM32CubeIDE_1.16.0/STM32CubeIDE/plugins/com.st.stm32cube.ide.mcu.externaltools.gnu-tools-for-stm32.12.3.rel1.win32_1.0.200.202406191623/tools/bin/../lib/gcc/arm-none-eabi/12.3.1/../../../../arm-none-eabi/lib/thumb/v7e-m+fp/hard\libc_nano.a(libc_a-closer.o) (errno)
C:/ST/STM32CubeIDE_1.16.0/STM32CubeIDE/plugins/com.st.stm32cube.ide.mcu.externaltools.gnu-tools-for-stm32.12.3.rel1.win32_1.0.200.202406191623/tools/bin/../lib/gcc/arm-none-eabi/12.3.1/../../../../arm-none-eabi/lib/thumb/v7e-m+fp/hard\libc_nano.a(libc_a-impure.o)
                              C:/ST/STM32CubeIDE_1.16.0/STM32CubeIDE/plugins/com.st.stm32cube.ide.mcu.externaltools.gnu-tools-for-stm32.12.3.rel1.win32_1.0.200.202406191623/tools/bin/../lib/gcc/arm-none-eabi/12.3.1/../../../../arm-none-eabi/lib/thumb/v7e-m+fp/hard\libc_nano.a(libc_a-reent.o) (_impure_ptr)
C:/ST/STM32CubeIDE_1.16.0/STM32CubeIDE/plugins/com.st.stm32cube.ide.mcu.externaltools.gnu-tools-for-stm32.12.3.rel1.win32_1.0.200.202406191623/tools/bin/../lib/gcc/arm-none-eabi/12.3.1/../../../../arm-none-eabi/lib/thumb/v7e-m+fp/hard\libc_nano.a(libc_a-lseekr.o)
[...]
Memory Configuration

Name             Origin             Length             Attributes
RAM              0x20000000         0x00018000         xrw
RAM2             0x10000000         0x00008000         xrw
FLASH            0x08000000         0x00100000         xr
*default*        0x00000000         0xffffffff

Linker script and memory map

LOAD C:/ST/STM32CubeIDE_1.16.0/STM32CubeIDE/plugins/com.st.stm32cube.ide.mcu.externaltools.gnu-tools-for-stm32.12.3.rel1.win32_1.0.200.202406191623/tools/bin/../lib/gcc/arm-none-eabi/12.3.1/thumb/v7e-m+fp/hard/crti.o
LOAD C:/ST/STM32CubeIDE_1.16.0/STM32CubeIDE/plugins/com.st.stm32cube.ide.mcu.externaltools.gnu-tools-for-stm32.12.3.rel1.win32_1.0.200.202406191623/tools/bin/../lib/gcc/arm-none-eabi/12.3.1/thumb/v7e-m+fp/hard/crtbegin.o
LOAD C:/ST/STM32CubeIDE_1.16.0/STM32CubeIDE/plugins/com.st.stm32cube.ide.mcu.externaltools.gnu-tools-for-stm32.12.3.rel1.win32_1.0.200.202406191623/tools/bin/../lib/gcc/arm-none-eabi/12.3.1/../../../../arm-none-eabi/lib/thumb/v7e-m+fp/hard/crt0.o
LOAD ./Core/Src/LED.o
LOAD ./Core/Src/SysClock.o
LOAD ./Core/Src/UART.o
LOAD ./Core/Src/demo.o
LOAD ./Core/Src/main.o
LOAD ./Core/Src/stm32l4xx_hal_msp.o
LOAD ./Core/Src/stm32l4xx_it.o
LOAD ./Core/Src/syscalls.o
LOAD ./Core/Src/sysmem.o
LOAD ./Core/Src/system_stm32l4xx.o
LOAD ./Core/Startup/startup_stm32l476rgtx.o
LOAD ./Drivers/STM32L4xx_HAL_Driver/Src/stm32l4xx_hal.o
LOAD ./Drivers/STM32L4xx_HAL_Driver/Src/stm32l4xx_hal_cortex.o
LOAD ./Drivers/STM32L4xx_HAL_Driver/Src/stm32l4xx_hal_dma.o
LOAD ./Drivers/STM32L4xx_HAL_Driver/Src/stm32l4xx_hal_dma_ex.o
LOAD ./Drivers/STM32L4xx_HAL_Driver/Src/stm32l4xx_hal_exti.o
LOAD ./Drivers/STM32L4xx_HAL_Driver/Src/stm32l4xx_hal_flash.o
LOAD ./Drivers/STM32L4xx_HAL_Driver/Src/stm32l4xx_hal_flash_ex.o
LOAD ./Drivers/STM32L4xx_HAL_Driver/Src/stm32l4xx_hal_flash_ramfunc.o
LOAD ./Drivers/STM32L4xx_HAL_Driver/Src/stm32l4xx_hal_gpio.o
LOAD ./Drivers/STM32L4xx_HAL_Driver/Src/stm32l4xx_hal_i2c.o
LOAD ./Drivers/STM32L4xx_HAL_Driver/Src/stm32l4xx_hal_i2c_ex.o
LOAD ./Drivers/STM32L4xx_HAL_Driver/Src/stm32l4xx_hal_pwr.o
LOAD ./Drivers/STM32L4xx_HAL_Driver/Src/stm32l4xx_hal_pwr_ex.o
LOAD ./Drivers/STM32L4xx_HAL_Driver/Src/stm32l4xx_hal_rcc.o
LOAD ./Drivers/STM32L4xx_HAL_Driver/Src/stm32l4xx_hal_rcc_ex.o
START GROUP
LOAD C:/ST/STM32CubeIDE_1.16.0/STM32CubeIDE/plugins/com.st.stm32cube.ide.mcu.externaltools.gnu-tools-for-stm32.12.3.rel1.win32_1.0.200.202406191623/tools/bin/../lib/gcc/arm-none-eabi/12.3.1/../../../../arm-none-eabi/lib/thumb/v7e-m+fp/hard\libc_nano.a
LOAD C:/ST/STM32CubeIDE_1.16.0/STM32CubeIDE/plugins/com.st.stm32cube.ide.mcu.externaltools.gnu-tools-for-stm32.12.3.rel1.win32_1.0.200.202406191623/tools/bin/../lib/gcc/arm-none-eabi/12.3.1/../../../../arm-none-eabi/lib/thumb/v7e-m+fp/hard\libm.a
END GROUP
START GROUP
LOAD C:/ST/STM32CubeIDE_1.16.0/STM32CubeIDE/plugins/com.st.stm32cube.ide.mcu.externaltools.gnu-tools-for-stm32.12.3.rel1.win32_1.0.200.202406191623/tools/bin/../lib/gcc/arm-none-eabi/12.3.1/thumb/v7e-m+fp/hard\libgcc.a
LOAD C:/ST/STM32CubeIDE_1.16.0/STM32CubeIDE/plugins/com.st.stm32cube.ide.mcu.externaltools.gnu-tools-for-stm32.12.3.rel1.win32_1.0.200.202406191623/tools/bin/../lib/gcc/arm-none-eabi/12.3.1/../../../../arm-none-eabi/lib/thumb/v7e-m+fp/hard\libc_nano.a
END GROUP
START GROUP
LOAD C:/ST/STM32CubeIDE_1.16.0/STM32CubeIDE/plugins/com.st.stm32cube.ide.mcu.externaltools.gnu-tools-for-stm32.12.3.rel1.win32_1.0.200.202406191623/tools/bin/../lib/gcc/arm-none-eabi/12.3.1/thumb/v7e-m+fp/hard\libgcc.a
LOAD C:/ST/STM32CubeIDE_1.16.0/STM32CubeIDE/plugins/com.st.stm32cube.ide.mcu.externaltools.gnu-tools-for-stm32.12.3.rel1.win32_1.0.200.202406191623/tools/bin/../lib/gcc/arm-none-eabi/12.3.1/../../../../arm-none-eabi/lib/thumb/v7e-m+fp/hard\libc_nano.a
LOAD C:/ST/STM32CubeIDE_1.16.0/STM32CubeIDE/plugins/com.st.stm32cube.ide.mcu.externaltools.gnu-tools-for-stm32.12.3.rel1.win32_1.0.200.202406191623/tools/bin/../lib/gcc/arm-none-eabi/12.3.1/../../../../arm-none-eabi/lib/thumb/v7e-m+fp/hard\libnosys.a
END GROUP
START GROUP
LOAD C:/ST/STM32CubeIDE_1.16.0/STM32CubeIDE/plugins/com.st.stm32cube.ide.mcu.externaltools.gnu-tools-for-stm32.12.3.rel1.win32_1.0.200.202406191623/tools/bin/../lib/gcc/arm-none-eabi/12.3.1/thumb/v7e-m+fp/hard\libgcc.a
LOAD C:/ST/STM32CubeIDE_1.16.0/STM32CubeIDE/plugins/com.st.stm32cube.ide.mcu.externaltools.gnu-tools-for-stm32.12.3.rel1.win32_1.0.200.202406191623/tools/bin/../lib/gcc/arm-none-eabi/12.3.1/../../../../arm-none-eabi/lib/thumb/v7e-m+fp/hard\libc_nano.a
LOAD C:/ST/STM32CubeIDE_1.16.0/STM32CubeIDE/plugins/com.st.stm32cube.ide.mcu.externaltools.gnu-tools-for-stm32.12.3.rel1.win32_1.0.200.202406191623/tools/bin/../lib/gcc/arm-none-eabi/12.3.1/../../../../arm-none-eabi/lib/thumb/v7e-m+fp/hard\libnosys.a
END GROUP
LOAD C:/ST/STM32CubeIDE_1.16.0/STM32CubeIDE/plugins/com.st.stm32cube.ide.mcu.externaltools.gnu-tools-for-stm32.12.3.rel1.win32_1.0.200.202406191623/tools/bin/../lib/gcc/arm-none-eabi/12.3.1/thumb/v7e-m+fp/hard/crtend.o
LOAD C:/ST/STM32CubeIDE_1.16.0/STM32CubeIDE/plugins/com.st.stm32cube.ide.mcu.externaltools.gnu-tools-for-stm32.12.3.rel1.win32_1.0.200.202406191623/tools/bin/../lib/gcc/arm-none-eabi/12.3.1/thumb/v7e-m+fp/hard/crtn.o
                0x20018000                        _estack = (ORIGIN (RAM) + LENGTH (RAM))
                0x00000200                        _Min_Heap_Size = 0x200
                0x00000400                        _Min_Stack_Size = 0x400

.isr_vector     0x08000000      0x188
                0x08000000                        . = ALIGN (0x4)
 *(.isr_vector)
 .isr_vector    0x08000000      0x188 ./Core/Startup/startup_stm32l476rgtx.o
                0x08000000                g_pfnVectors
                0x08000188                        . = ALIGN (0x4)

.text           0x08000188      0x7dc
                0x08000188                        . = ALIGN (0x4)
 *(.text)
 .text          0x08000188       0x40 C:/ST/STM32CubeIDE_1.16.0/STM32CubeIDE/plugins/com.st.stm32cube.ide.mcu.externaltools.gnu-tools-for-stm32.12.3.rel1.win32_1.0.200.202406191623/tools/bin/../lib/gcc/arm-none-eabi/12.3.1/thumb/v7e-m+fp/hard/crtbegin.o
 *(.text*)
 .text.LED_Init
                0x080001c8       0x80 ./Core/Src/LED.o
                0x080001c8                LED_Init
 .text.LED_Toggle
                0x08000248       0x1e ./Core/Src/LED.o
                0x08000248                LED_Toggle
 *fill*         0x08000266        0x2 
 .text.System_Clock_Init
                0x08000268      0x1bc ./Core/Src/SysClock.o
                0x08000268                System_Clock_Init
 .text.UART2_Init
                0x08000424       0x48 ./Core/Src/UART.o
                0x08000424                UART2_Init
 .text.UART2_GPIO_Init
                0x0800046c       0x90 ./Core/Src/UART.o
                0x0800046c                UART2_GPIO_Init
 .text.USART_Init
                0x080004fc      0x10c ./Core/Src/UART.o
                0x080004fc                USART_Init
 .text.USART_Read_NonBlocking
                0x08000608       0x2c ./Core/Src/UART.o
                0x08000608                USART_Read_NonBlocking
 .text.USART_Write
                0x08000634       0x66 ./Core/Src/UART.o
                0x08000634                USART_Write
 *fill*         0x0800069a        0x2 
 .text.USART_Delay
                0x0800069c       0x40 ./Core/Src/UART.o
                0x0800069c                USART_Delay
 .text.init_systick
                0x080006dc       0x48 ./Core/Src/demo.o
 .text.SysTick_Handler
                0x08000724       0x38 ./Core/Src/demo.o
                0x08000724                SysTick_Handler
 .text.run_demo
                0x0800075c       0x7c ./Core/Src/demo.o
                0x0800075c                run_demo
 .text.main     0x080007d8       0x1a ./Core/Src/main.o
                0x080007d8                main
 .text.NMI_Handler
                0x080007f2        0x8 ./Core/Src/stm32l4xx_it.o
                0x080007f2                NMI_Handler
 .text.HardFault_Handler
                0x080007fa        0x8 ./Core/Src/stm32l4xx_it.o
                0x080007fa                HardFault_Handler
 .text.MemManage_Handler
                0x08000802        0x8 ./Core/Src/stm32l4xx_it.o
                0x08000802                MemManage_Handler
 .text.BusFault_Handler
                0x0800080a        0x8 ./Core/Src/stm32l4xx_it.o
                0x0800080a                BusFault_Handler
 .text.UsageFault_Handler
                0x08000812        0x8 ./Core/Src/stm32l4xx_it.o
                0x08000812                UsageFault_Handler
 .text.SVC_Handler
                0x0800081a        0xe ./Core/Src/stm32l4xx_it.o
                0x0800081a                SVC_Handler
 .text.DebugMon_Handler
                0x08000828        0xe ./Core/Src/stm32l4xx_it.o
                0x08000828                DebugMon_Handler
 .text.PendSV_Handler
                0x08000836        0xe ./Core/Src/stm32l4xx_it.o
                0x08000836                PendSV_Handler
 .text.SystemInit
                0x08000844       0x6c ./Core/Src/system_stm32l4xx.o
                0x08000844                SystemInit
 .text.Reset_Handler
                0x080008b0       0x50 ./Core/Startup/startup_stm32l476rgtx.o
                0x080008b0                Reset_Handler
 .text.Default_Handler
                0x08000900        0x2 ./Core/Startup/startup_stm32l476rgtx.o
                0x08000900                RTC_Alarm_IRQHandler
                0x08000900                EXTI2_IRQHandler
                0x08000900                TIM8_TRG_COM_IRQHandler
                0x08000900                TIM8_CC_IRQHandler
                0x08000900                TIM1_CC_IRQHandler
                0x08000900                TSC_IRQHandler
                0x08000900                TAMP_STAMP_IRQHandler
                0x08000900                EXTI3_IRQHandler
                0x08000900                LPTIM2_IRQHandler
                0x08000900                DFSDM1_FLT1_IRQHandler
                0x08000900                I2C3_ER_IRQHandler
                0x08000900                DFSDM1_FLT2_IRQHandler
                0x08000900                EXTI0_IRQHandler
                0x08000900                I2C2_EV_IRQHandler
                0x08000900                CAN1_RX0_IRQHandler
                0x08000900                FPU_IRQHandler
                0x08000900                TIM1_UP_TIM16_IRQHandler
                0x08000900                ADC1_2_IRQHandler
                0x08000900                SPI1_IRQHandler
                0x08000900                TIM6_DAC_IRQHandler
                0x08000900                TIM8_UP_IRQHandler
                0x08000900                DMA2_Channel2_IRQHandler
                0x08000900                DMA1_Channel4_IRQHandler
                0x08000900                SAI2_IRQHandler
                0x08000900                DFSDM1_FLT3_IRQHandler
                0x08000900                USART3_IRQHandler
                0x08000900                DMA1_Channel7_IRQHandler
                0x08000900                CAN1_RX1_IRQHandler
                0x08000900                LCD_IRQHandler
                0x08000900                UART5_IRQHandler
                0x08000900                ADC3_IRQHandler
                0x08000900                TIM4_IRQHandler
                0x08000900                DMA2_Channel1_IRQHandler
                0x08000900                QUADSPI_IRQHandler
                0x08000900                I2C1_EV_IRQHandler
                0x08000900                DMA1_Channel6_IRQHandler
                0x08000900                UART4_IRQHandler
                0x08000900                DMA2_Channel4_IRQHandler
                0x08000900                TIM3_IRQHandler
                0x08000900                RCC_IRQHandler
                0x08000900                DMA1_Channel1_IRQHandler
                0x08000900                Default_Handler
                0x08000900                DMA2_Channel7_IRQHandler
                0x08000900                EXTI15_10_IRQHandler
                0x08000900                TIM7_IRQHandler
                0x08000900                SDMMC1_IRQHandler
                0x08000900                TIM5_IRQHandler
                0x08000900                I2C3_EV_IRQHandler
                0x08000900                EXTI9_5_IRQHandler
                0x08000900                RTC_WKUP_IRQHandler
                0x08000900                PVD_PVM_IRQHandler
                0x08000900                SPI2_IRQHandler
                0x08000900                CAN1_TX_IRQHandler
                0x08000900                DMA2_Channel5_IRQHandler
                0x08000900                DMA1_Channel5_IRQHandler
                0x08000900                EXTI4_IRQHandler
                0x08000900                RNG_IRQHandler
                0x08000900                TIM1_TRG_COM_TIM17_IRQHandler
                0x08000900                DMA1_Channel3_IRQHandler
                0x08000900                COMP_IRQHandler
                0x08000900                WWDG_IRQHandler
                0x08000900                LPUART1_IRQHandler
                0x08000900                DMA2_Channel6_IRQHandler
                0x08000900                TIM2_IRQHandler
                0x08000900                EXTI1_IRQHandler
                0x08000900                USART2_IRQHandler
                0x08000900                DFSDM1_FLT0_IRQHandler
                0x08000900                I2C2_ER_IRQHandler
                0x08000900                DMA1_Channel2_IRQHandler
                0x08000900                TIM8_BRK_IRQHandler
                0x08000900                CAN1_SCE_IRQHandler
                0x08000900                FLASH_IRQHandler
                0x08000900                USART1_IRQHandler
                0x08000900                OTG_FS_IRQHandler
                0x08000900                SPI3_IRQHandler
                0x08000900                I2C1_ER_IRQHandler
                0x08000900                FMC_IRQHandler
                0x08000900                SWPMI1_IRQHandler
                0x08000900                LPTIM1_IRQHandler
                0x08000900                SAI1_IRQHandler
                0x08000900                DMA2_Channel3_IRQHandler
                0x08000900                TIM1_BRK_TIM15_IRQHandler
 *fill*         0x08000902        0x2 
 .text.__libc_init_array
                0x08000904       0x48 C:/ST/STM32CubeIDE_1.16.0/STM32CubeIDE/plugins/com.st.stm32cube.ide.mcu.externaltools.gnu-tools-for-stm32.12.3.rel1.win32_1.0.200.202406191623/tools/bin/../lib/gcc/arm-none-eabi/12.3.1/../../../../arm-none-eabi/lib/thumb/v7e-m+fp/hard\libc_nano.a(libc_a-init.o)
                0x08000904                __libc_init_array
 *(.glue_7)
 .glue_7        0x0800094c        0x0 linker stubs
 *(.glue_7t)
 .glue_7t       0x0800094c        0x0 linker stubs
 *(.eh_frame)
 .eh_frame      0x0800094c        0x0 C:/ST/STM32CubeIDE_1.16.0/STM32CubeIDE/plugins/com.st.stm32cube.ide.mcu.externaltools.gnu-tools-for-stm32.12.3.rel1.win32_1.0.200.202406191623/tools/bin/../lib/gcc/arm-none-eabi/12.3.1/thumb/v7e-m+fp/hard/crtbegin.o
 *(.init)
 .init          0x0800094c        0x4 C:/ST/STM32CubeIDE_1.16.0/STM32CubeIDE/plugins/com.st.stm32cube.ide.mcu.externaltools.gnu-tools-for-stm32.12.3.rel1.win32_1.0.200.202406191623/tools/bin/../lib/gcc/arm-none-eabi/12.3.1/thumb/v7e-m+fp/hard/crti.o
                0x0800094c                _init
 .init          0x08000950        0x8 C:/ST/STM32CubeIDE_1.16.0/STM32CubeIDE/plugins/com.st.stm32cube.ide.mcu.externaltools.gnu-tools-for-stm32.12.3.rel1.win32_1.0.200.202406191623/tools/bin/../lib/gcc/arm-none-eabi/12.3.1/thumb/v7e-m+fp/hard/crtn.o
 *(.fini)
 .fini          0x08000958        0x4 C:/ST/STM32CubeIDE_1.16.0/STM32CubeIDE/plugins/com.st.stm32cube.ide.mcu.externaltools.gnu-tools-for-stm32.12.3.rel1.win32_1.0.200.202406191623/tools/bin/../lib/gcc/arm-none-eabi/12.3.1/thumb/v7e-m+fp/hard/crti.o
                0x08000958                _fini
 .fini          0x0800095c        0x8 C:/ST/STM32CubeIDE_1.16.0/STM32CubeIDE/plugins/com.st.stm32cube.ide.mcu.externaltools.gnu-tools-for-stm32.12.3.rel1.win32_1.0.200.202406191623/tools/bin/../lib/gcc/arm-none-eabi/12.3.1/thumb/v7e-m+fp/hard/crtn.o
                0x08000964                        . = ALIGN (0x4)
                0x08000964                        _etext = .

.vfp11_veneer   0x08000964        0x0
 .vfp11_veneer  0x08000964        0x0 linker stubs

.v4_bx          0x08000964        0x0
 .v4_bx         0x08000964        0x0 linker stubs

.iplt           0x08000964        0x0
 .iplt          0x08000964        0x0 C:/ST/STM32CubeIDE_1.16.0/STM32CubeIDE/plugins/com.st.stm32cube.ide.mcu.externaltools.gnu-tools-for-stm32.12.3.rel1.win32_1.0.200.202406191623/tools/bin/../lib/gcc/arm-none-eabi/12.3.1/thumb/v7e-m+fp/hard/crtbegin.o

.rodata         0x08000964        0x4
                0x08000964                        . = ALIGN (0x4)
 *(.rodata)
 .rodata        0x08000964        0x3 ./Core/Src/demo.o
 *(.rodata*)
                0x08000968                        . = ALIGN (0x4)
 *fill*         0x08000967        0x1 

.ARM.extab      0x08000968        0x0
                0x08000968                        . = ALIGN (0x4)
 *(.ARM.extab* .gnu.linkonce.armextab.*)
                0x08000968                        . = ALIGN (0x4)

.ARM            0x08000968        0x0
                0x08000968                        . = ALIGN (0x4)
                0x08000968                        __exidx_start = .
 *(.ARM.exidx*)
                0x08000968                        __exidx_end = .
                0x08000968                        . = ALIGN (0x4)

.preinit_array  0x08000968        0x0
                0x08000968                        . = ALIGN (0x4)
                0x08000968                        PROVIDE (__preinit_array_start = .)
 *(.preinit_array*)
                0x08000968                        PROVIDE (__preinit_array_end = .)
                0x08000968                        . = ALIGN (0x4)

.init_array     0x08000968        0x4
                0x08000968                        . = ALIGN (0x4)
                0x08000968                        PROVIDE (__init_array_start = .)
 *(SORT_BY_NAME(.init_array.*))
 *(.init_array*)
 .init_array    0x08000968        0x4 C:/ST/STM32CubeIDE_1.16.0/STM32CubeIDE/plugins/com.st.stm32cube.ide.mcu.externaltools.gnu-tools-for-stm32.12.3.rel1.win32_1.0.200.202406191623/tools/bin/../lib/gcc/arm-none-eabi/12.3.1/thumb/v7e-m+fp/hard/crtbegin.o
                0x0800096c                        PROVIDE (__init_array_end = .)
                0x0800096c                        . = ALIGN (0x4)

.fini_array     0x0800096c        0x4
                0x0800096c                        . = ALIGN (0x4)
                [!provide]                        PROVIDE (__fini_array_start = .)
 *(SORT_BY_NAME(.fini_array.*))
 *(.fini_array*)
 .fini_array    0x0800096c        0x4 C:/ST/STM32CubeIDE_1.16.0/STM32CubeIDE/plugins/com.st.stm32cube.ide.mcu.externaltools.gnu-tools-for-stm32.12.3.rel1.win32_1.0.200.202406191623/tools/bin/../lib/gcc/arm-none-eabi/12.3.1/thumb/v7e-m+fp/hard/crtbegin.o
                [!provide]                        PROVIDE (__fini_array_end = .)
                0x08000970                        . = ALIGN (0x4)
                0x08000970                        _sidata = LOADADDR (.data)

.rel.dyn        0x08000970        0x0
 .rel.iplt      0x08000970        0x0 C:/ST/STM32CubeIDE_1.16.0/STM32CubeIDE/plugins/com.st.stm32cube.ide.mcu.externaltools.gnu-tools-for-stm32.12.3.rel1.win32_1.0.200.202406191623/tools/bin/../lib/gcc/arm-none-eabi/12.3.1/thumb/v7e-m+fp/hard/crtbegin.o

.data           0x20000000        0x0 load address 0x08000970
                0x20000000                        . = ALIGN (0x4)
                0x20000000                        _sdata = .
 *(.data)
 *(.data*)
 *(.RamFunc)
 *(.RamFunc*)
                0x20000000                        . = ALIGN (0x4)
                0x20000000                        _edata = .

.igot.plt       0x20000000        0x0 load address 0x08000970
 .igot.plt      0x20000000        0x0 C:/ST/STM32CubeIDE_1.16.0/STM32CubeIDE/plugins/com.st.stm32cube.ide.mcu.externaltools.gnu-tools-for-stm32.12.3.rel1.win32_1.0.200.202406191623/tools/bin/../lib/gcc/arm-none-eabi/12.3.1/thumb/v7e-m+fp/hard/crtbegin.o
                0x20000000                        . = ALIGN (0x4)

.bss            0x20000000       0x24 load address 0x08000970
                0x20000000                        _sbss = .
                0x20000000                        __bss_start__ = _sbss
 *(.bss)
 .bss           0x20000000       0x1c C:/ST/STM32CubeIDE_1.16.0/STM32CubeIDE/plugins/com.st.stm32cube.ide.mcu.externaltools.gnu-tools-for-stm32.12.3.rel1.win32_1.0.200.202406191623/tools/bin/../lib/gcc/arm-none-eabi/12.3.1/thumb/v7e-m+fp/hard/crtbegin.o
 *(.bss*)
 .bss.one_second_elapsed
                0x2000001c        0x1 ./Core/Src/demo.o
 *fill*         0x2000001d        0x3 
 .bss.counter   0x20000020        0x4 ./Core/Src/demo.o
 *(COMMON)
                0x20000024                        . = ALIGN (0x4)
                0x20000024                        _ebss = .
                0x20000024                        __bss_end__ = _ebss

._user_heap_stack
                0x20000024      0x604 load address 0x08000970
                0x20000028                        . = ALIGN (0x8)
 *fill*         0x20000024        0x4 
                [!provide]                        PROVIDE (end = .)
                0x20000028                        PROVIDE (_end = .)
                0x20000228                        . = (. + _Min_Heap_Size)
 *fill*         0x20000028      0x200 
                0x20000628                        . = (. + _Min_Stack_Size)
 *fill*         0x20000228      0x400 
                0x20000628                        . = ALIGN (0x8)

/DISCARD/
 libc.a(*)
 libm.a(*)
 libgcc.a(*)

.ARM.attributes
                0x00000000       0x30
 *(.ARM.attributes)
 .ARM.attributes
                0x00000000       0x22 C:/ST/STM32CubeIDE_1.16.0/STM32CubeIDE/plugins/com.st.stm32cube.ide.mcu.externaltools.gnu-tools-for-stm32.12.3.rel1.win32_1.0.200.202406191623/tools/bin/../lib/gcc/arm-none-eabi/12.3.1/thumb/v7e-m+fp/hard/crti.o
 .ARM.attributes
                0x00000022       0x34 C:/ST/STM32CubeIDE_1.16.0/STM32CubeIDE/plugins/com.st.stm32cube.ide.mcu.externaltools.gnu-tools-for-stm32.12.3.rel1.win32_1.0.200.202406191623/tools/bin/../lib/gcc/arm-none-eabi/12.3.1/thumb/v7e-m+fp/hard/crtbegin.o
 .ARM.attributes
                0x00000056       0x34 ./Core/Src/LED.o
 .ARM.attributes
                0x0000008a       0x34 ./Core/Src/SysClock.o
 .ARM.attributes
                0x000000be       0x34 ./Core/Src/UART.o
 .ARM.attributes
                0x000000f2       0x34 ./Core/Src/demo.o
 .ARM.attributes
                0x00000126       0x34 ./Core/Src/main.o
 .ARM.attributes
                0x0000015a       0x34 ./Core/Src/stm32l4xx_it.o
 .ARM.attributes
                0x0000018e       0x34 ./Core/Src/system_stm32l4xx.o
 .ARM.attributes
                0x000001c2       0x21 ./Core/Startup/startup_stm32l476rgtx.o
 .ARM.attributes
                0x000001e3       0x34 C:/ST/STM32CubeIDE_1.16.0/STM32CubeIDE/plugins/com.st.stm32cube.ide.mcu.externaltools.gnu-tools-for-stm32.12.3.rel1.win32_1.0.200.202406191623/tools/bin/../lib/gcc/arm-none-eabi/12.3.1/../../../../arm-none-eabi/lib/thumb/v7e-m+fp/hard\libc_nano.a(libc_a-init.o)
 .ARM.attributes
                0x00000217       0x22 C:/ST/STM32CubeIDE_1.16.0/STM32CubeIDE/plugins/com.st.stm32cube.ide.mcu.externaltools.gnu-tools-for-stm32.12.3.rel1.win32_1.0.200.202406191623/tools/bin/../lib/gcc/arm-none-eabi/12.3.1/thumb/v7e-m+fp/hard/crtn.o
OUTPUT(non-blocking-homework.elf elf32-littlearm)
LOAD linker stubs
LOAD C:/ST/STM32CubeIDE_1.16.0/STM32CubeIDE/plugins/com.st.stm32cube.ide.mcu.externaltools.gnu-tools-for-stm32.12.3.rel1.win32_1.0.200.202406191623/tools/bin/../lib/gcc/arm-none-eabi/12.3.1/../../../../arm-none-eabi/lib/thumb/v7e-m+fp/hard\libc.a
LOAD C:/ST/STM32CubeIDE_1.16.0/STM32CubeIDE/plugins/com.st.stm32cube.ide.mcu.externaltools.gnu-tools-for-stm32.12.3.rel1.win32_1.0.200.202406191623/tools/bin/../lib/gcc/arm-none-eabi/12.3.1/../../../../arm-none-eabi/lib/thumb/v7e-m+fp/hard\libm.a
LOAD C:/ST/STM32CubeIDE_1.16.0/STM32CubeIDE/plugins/com.st.stm32cube.ide.mcu.externaltools.gnu-tools-for-stm32.12.3.rel1.win32_1.0.200.202406191623/tools/bin/../lib/gcc/arm-none-eabi/12.3.1/thumb/v7e-m+fp/hard\libgcc.a

.debug_info     0x00000000     0x16ba
 .debug_info    0x00000000      0x356 ./Core/Src/LED.o
 .debug_info    0x00000356      0x385 ./Core/Src/SysClock.o
 .debug_info    0x000006db      0x5a7 ./Core/Src/UART.o
 .debug_info    0x00000c82      0x2ec ./Core/Src/demo.o
 .debug_info    0x00000f6e       0xa3 ./Core/Src/main.o
 .debug_info    0x00001011       0xab ./Core/Src/stm32l4xx_it.o
 .debug_info    0x000010bc      0x5ce ./Core/Src/system_stm32l4xx.o
 .debug_info    0x0000168a       0x30 ./Core/Startup/startup_stm32l476rgtx.o

.debug_abbrev   0x00000000      0x632
 .debug_abbrev  0x00000000       0xb7 ./Core/Src/LED.o
 .debug_abbrev  0x000000b7       0xc6 ./Core/Src/SysClock.o
 .debug_abbrev  0x0000017d      0x173 ./Core/Src/UART.o
 .debug_abbrev  0x000002f0      0x153 ./Core/Src/demo.o
 .debug_abbrev  0x00000443       0x5b ./Core/Src/main.o
 .debug_abbrev  0x0000049e       0x31 ./Core/Src/stm32l4xx_it.o
 .debug_abbrev  0x000004cf      0x13f ./Core/Src/system_stm32l4xx.o
 .debug_abbrev  0x0000060e       0x24 ./Core/Startup/startup_stm32l476rgtx.o

.debug_aranges  0x00000000      0x1a8
 .debug_aranges
                0x00000000       0x38 ./Core/Src/LED.o
 .debug_aranges
                0x00000038       0x20 ./Core/Src/SysClock.o
 .debug_aranges
                0x00000058       0x58 ./Core/Src/UART.o
 .debug_aranges
                0x000000b0       0x30 ./Core/Src/demo.o
 .debug_aranges
                0x000000e0       0x20 ./Core/Src/main.o
 .debug_aranges
                0x00000100       0x58 ./Core/Src/stm32l4xx_it.o
 .debug_aranges
                0x00000158       0x28 ./Core/Src/system_stm32l4xx.o
 .debug_aranges
                0x00000180       0x28 ./Core/Startup/startup_stm32l476rgtx.o

.debug_rnglists
                0x00000000      0x11c
 .debug_rnglists
                0x00000000       0x26 ./Core/Src/LED.o
 .debug_rnglists
                0x00000026       0x14 ./Core/Src/SysClock.o
 .debug_rnglists
                0x0000003a       0x40 ./Core/Src/UART.o
 .debug_rnglists
                0x0000007a       0x1f ./Core/Src/demo.o
 .debug_rnglists
                0x00000099       0x13 ./Core/Src/main.o
 .debug_rnglists
                0x000000ac       0x3d ./Core/Src/stm32l4xx_it.o
 .debug_rnglists
                0x000000e9       0x1a ./Core/Src/system_stm32l4xx.o
 .debug_rnglists
                0x00000103       0x19 ./Core/Startup/startup_stm32l476rgtx.o

.debug_macro    0x00000000    0x2497c
 .debug_macro   0x00000000       0xcf ./Core/Src/LED.o
 .debug_macro   0x000000cf      0xab4 ./Core/Src/LED.o
 .debug_macro   0x00000b83       0x28 ./Core/Src/LED.o
 .debug_macro   0x00000bab       0x22 ./Core/Src/LED.o
 .debug_macro   0x00000bcd       0x8e ./Core/Src/LED.o
 .debug_macro   0x00000c5b       0x51 ./Core/Src/LED.o
 .debug_macro   0x00000cac      0x103 ./Core/Src/LED.o
 .debug_macro   0x00000daf       0x6a ./Core/Src/LED.o
 .debug_macro   0x00000e19      0x1df ./Core/Src/LED.o
 .debug_macro   0x00000ff8       0x1c ./Core/Src/LED.o
 .debug_macro   0x00001014       0x22 ./Core/Src/LED.o
 .debug_macro   0x00001036       0xfb ./Core/Src/LED.o
 .debug_macro   0x00001131     0x1011 ./Core/Src/LED.o
 .debug_macro   0x00002142      0x11f ./Core/Src/LED.o
 .debug_macro   0x00002261    0x1a17a ./Core/Src/LED.o
 .debug_macro   0x0001c3db       0xc9 ./Core/Src/SysClock.o
 .debug_macro   0x0001c4a4       0xdb ./Core/Src/UART.o
 .debug_macro   0x0001c57f      0x2dd ./Core/Src/demo.o
 .debug_macro   0x0001c85c       0x5b ./Core/Src/demo.o
 .debug_macro   0x0001c8b7       0x2a ./Core/Src/demo.o
 .debug_macro   0x0001c8e1       0x94 ./Core/Src/demo.o
 .debug_macro   0x0001c975       0x43 ./Core/Src/demo.o
 .debug_macro   0x0001c9b8       0x34 ./Core/Src/demo.o
 .debug_macro   0x0001c9ec       0x16 ./Core/Src/demo.o
 .debug_macro   0x0001ca02       0x57 ./Core/Src/demo.o
 .debug_macro   0x0001ca59       0x9e ./Core/Src/demo.o
 .debug_macro   0x0001caf7      0x369 ./Core/Src/demo.o
 .debug_macro   0x0001ce60      0x10b ./Core/Src/demo.o
 .debug_macro   0x0001cf6b       0x10 ./Core/Src/demo.o
 .debug_macro   0x0001cf7b       0x16 ./Core/Src/demo.o
 .debug_macro   0x0001cf91       0x43 ./Core/Src/demo.o
 .debug_macro   0x0001cfd4       0x34 ./Core/Src/demo.o
 .debug_macro   0x0001d008       0x10 ./Core/Src/demo.o
 .debug_macro   0x0001d018       0x58 ./Core/Src/demo.o
 .debug_macro   0x0001d070       0x8e ./Core/Src/demo.o
 .debug_macro   0x0001d0fe       0x1c ./Core/Src/demo.o
 .debug_macro   0x0001d11a      0x177 ./Core/Src/demo.o
 .debug_macro   0x0001d291       0x16 ./Core/Src/demo.o
 .debug_macro   0x0001d2a7       0x16 ./Core/Src/demo.o
 .debug_macro   0x0001d2bd      0x146 ./Core/Src/demo.o
 .debug_macro   0x0001d403       0x16 ./Core/Src/demo.o
 .debug_macro   0x0001d419       0x35 ./Core/Src/demo.o
 .debug_macro   0x0001d44e       0x20 ./Core/Src/demo.o
 .debug_macro   0x0001d46e       0x10 ./Core/Src/demo.o
 .debug_macro   0x0001d47e       0x2e ./Core/Src/demo.o
 .debug_macro   0x0001d4ac       0x6d ./Core/Src/demo.o
 .debug_macro   0x0001d519      0x1a1 ./Core/Src/demo.o
 .debug_macro   0x0001d6ba     0x38fb ./Core/Src/demo.o
 .debug_macro   0x00020fb5       0x56 ./Core/Src/demo.o
 .debug_macro   0x0002100b     0x159e ./Core/Src/demo.o
 .debug_macro   0x000225a9      0x5a5 ./Core/Src/demo.o
 .debug_macro   0x00022b4e      0x1b9 ./Core/Src/demo.o
 .debug_macro   0x00022d07      0x18b ./Core/Src/demo.o
 .debug_macro   0x00022e92      0x26b ./Core/Src/demo.o
 .debug_macro   0x000230fd      0x23d ./Core/Src/demo.o
 .debug_macro   0x0002333a      0x241 ./Core/Src/demo.o
 .debug_macro   0x0002357b      0x37c ./Core/Src/demo.o
 .debug_macro   0x000238f7       0xd6 ./Core/Src/demo.o
 .debug_macro   0x000239cd      0x22c ./Core/Src/demo.o
 .debug_macro   0x00023bf9       0x61 ./Core/Src/demo.o
 .debug_macro   0x00023c5a       0xa5 ./Core/Src/demo.o
 .debug_macro   0x00023cff      0x122 ./Core/Src/demo.o
 .debug_macro   0x00023e21      0x3ef ./Core/Src/demo.o
 .debug_macro   0x00024210      0x330 ./Core/Src/demo.o
 .debug_macro   0x00024540      0x11f ./Core/Src/demo.o
 .debug_macro   0x0002465f       0xe6 ./Core/Src/main.o
 .debug_macro   0x00024745       0x24 ./Core/Src/stm32l4xx_it.o
 .debug_macro   0x00024769      0x1b7 ./Core/Src/system_stm32l4xx.o
 .debug_macro   0x00024920       0x5c ./Core/Src/system_stm32l4xx.o

.debug_line     0x00000000     0x2aba
 .debug_line    0x00000000      0x558 ./Core/Src/LED.o
 .debug_line    0x00000558      0x635 ./Core/Src/SysClock.o
 .debug_line    0x00000b8d      0x76d ./Core/Src/UART.o
 .debug_line    0x000012fa      0x92f ./Core/Src/demo.o
 .debug_line    0x00001c29      0x50b ./Core/Src/main.o
 .debug_line    0x00002134      0x119 ./Core/Src/stm32l4xx_it.o
 .debug_line    0x0000224d      0x7f3 ./Core/Src/system_stm32l4xx.o
 .debug_line    0x00002a40       0x7a ./Core/Startup/startup_stm32l476rgtx.o

.debug_str      0x00000000    0xe27c8
 .debug_str     0x00000000    0x9e1f9 ./Core/Src/LED.o
                              0x9e391 (size before relaxing)
 .debug_str     0x0009e1f9       0xad ./Core/Src/SysClock.o
                              0x9e3ba (size before relaxing)
 .debug_str     0x0009e2a6      0x10e ./Core/Src/UART.o
                              0x9e45e (size before relaxing)
 .debug_str     0x0009e3b4    0x440d4 ./Core/Src/demo.o
                              0xe2484 (size before relaxing)
 .debug_str     0x000e2488       0x18 ./Core/Src/main.o
                              0x9e249 (size before relaxing)
 .debug_str     0x000e24a0      0x1dd ./Core/Src/stm32l4xx_it.o
                               0x2fbe (size before relaxing)
 .debug_str     0x000e267d      0x107 ./Core/Src/system_stm32l4xx.o
                              0xde5ef (size before relaxing)
 .debug_str     0x000e2784       0x44 ./Core/Startup/startup_stm32l476rgtx.o
                                 0x7e (size before relaxing)

.comment        0x00000000       0x43
 .comment       0x00000000       0x43 ./Core/Src/LED.o
                                 0x44 (size before relaxing)
 .comment       0x00000043       0x44 ./Core/Src/SysClock.o
 .comment       0x00000043       0x44 ./Core/Src/UART.o
 .comment       0x00000043       0x44 ./Core/Src/demo.o
 .comment       0x00000043       0x44 ./Core/Src/main.o
 .comment       0x00000043       0x44 ./Core/Src/stm32l4xx_it.o
 .comment       0x00000043       0x44 ./Core/Src/system_stm32l4xx.o

.debug_frame    0x00000000      0x408
 .debug_frame   0x00000000       0x90 ./Core/Src/LED.o
 .debug_frame   0x00000090       0x38 ./Core/Src/SysClock.o
 .debug_frame   0x000000c8      0x138 ./Core/Src/UART.o
 .debug_frame   0x00000200       0x70 ./Core/Src/demo.o
 .debug_frame   0x00000270       0x2c ./Core/Src/main.o
 .debug_frame   0x0000029c       0xe8 ./Core/Src/stm32l4xx_it.o
 .debug_frame   0x00000384       0x58 ./Core/Src/system_stm32l4xx.o
 .debug_frame   0x000003dc       0x2c C:/ST/STM32CubeIDE_1.16.0/STM32CubeIDE/plugins/com.st.stm32cube.ide.mcu.externaltools.gnu-tools-for-stm32.12.3.rel1.win32_1.0.200.202406191623/tools/bin/../lib/gcc/arm-none-eabi/12.3.1/../../../../arm-none-eabi/lib/thumb/v7e-m+fp/hard\libc_nano.a(libc_a-init.o)

.debug_line_str
                0x00000000       0x62
 .debug_line_str
                0x00000000       0x62 ./Core/Startup/startup_stm32l476rgtx.o
